
\documentclass[12pt]{article}
\begin{document}
\removedChange{Hello world!}
\addedChange{Hello world 2!}
$Hello world!$ %math mode 
\end{document}
