
\documentclass[12pt]{article}
\begin{document}
Hello world!
\addedChange{This }\addedChange{got }\addedChange{added}
$Hello world!$ %math mode 
\end{document}
