
\documentclass[12pt]{article}
\begin{document}
\removedChange{Hello world!}
\addedChange{Hello world 2!}
\end{document}
