
\documentclass[12pt]{article}
\begin{document}
Hello world!
\addedChange{This got added
This also got added}
$Hello world!$ %math mode 
\end{document}
