
\documentclass[12pt]{article}
\begin{document}
Prefix
%diff-off
Text
New
%diff-on
Unchanged
Text
\addedChange{Marked}
\end{document}
